// Jest Snapshot v1, https://goo.gl/fbAQLP

exports[`Testing snapshot for actions-segment-profiles destination: sendGroup action - all fields 1`] = `
Object {
  "data": Object {
    "batch": Array [
      Object {
        "anonymousId": "cZE8HyAL0!BF#)WQb^",
        "groupId": "cZE8HyAL0!BF#)WQb^",
        "integrations": Object {
          "All": false,
        },
        "timestamp": "2021-02-01T00:00:00.000Z",
        "traits": Object {
          "testType": "cZE8HyAL0!BF#)WQb^",
        },
        "type": "group",
        "userId": "cZE8HyAL0!BF#)WQb^",
      },
    ],
  },
  "output": "Action Executed",
}
`;

exports[`Testing snapshot for actions-segment-profiles destination: sendGroup action - required fields 1`] = `
Object {
  "data": Object {
    "batch": Array [
      Object {
        "anonymousId": "cZE8HyAL0!BF#)WQb^",
        "groupId": "cZE8HyAL0!BF#)WQb^",
        "integrations": Object {
          "All": false,
        },
        "timestamp": undefined,
        "traits": Object {},
        "type": "group",
        "userId": "cZE8HyAL0!BF#)WQb^",
      },
    ],
  },
  "output": "Action Executed",
}
`;

exports[`Testing snapshot for actions-segment-profiles destination: sendIdentify action - all fields 1`] = `
Object {
  "data": Object {
    "batch": Array [
      Object {
        "anonymousId": "hIC1OAmWa[Q!&d%o",
        "groupId": "hIC1OAmWa[Q!&d%o",
        "integrations": Object {
          "All": false,
        },
        "timestamp": "2021-02-01T00:00:00.000Z",
        "traits": Object {
          "testType": "hIC1OAmWa[Q!&d%o",
        },
        "type": "identify",
        "userId": "hIC1OAmWa[Q!&d%o",
      },
    ],
  },
  "output": "Action Executed",
}
`;

exports[`Testing snapshot for actions-segment-profiles destination: sendIdentify action - required fields 1`] = `
Object {
  "data": Object {
    "batch": Array [
      Object {
        "anonymousId": "hIC1OAmWa[Q!&d%o",
        "groupId": "hIC1OAmWa[Q!&d%o",
        "integrations": Object {
          "All": false,
        },
        "timestamp": undefined,
        "traits": Object {},
        "type": "identify",
        "userId": "hIC1OAmWa[Q!&d%o",
      },
    ],
  },
  "output": "Action Executed",
}
`;

exports[`Testing snapshot for actions-segment-profiles destination: sendSubscription action - all fields 1`] = `
Object {
  "data": Object {
    "batch": Array [
      Object {
        "anonymousId": undefined,
        "context": Object {
          "externalIds": Array [
            Object {
              "collection": "users",
              "encoding": "none",
              "id": "tester11@seg.com",
              "type": "email",
            },
            Object {
              "collection": "users",
              "encoding": "none",
              "id": "+12135618345",
              "type": "phone",
            },
          ],
          "messaging_subscriptions": Array [
            Object {
              "key": "tester11@seg.com",
              "status": "SUBSCRIBED",
              "type": "EMAIL",
            },
            Object {
              "key": "+12135618345",
              "status": "SUBSCRIBED",
              "type": "SMS",
            },
          ],
          "messaging_subscriptions_retl": true,
        },
        "integrations": Object {
          "All": false,
        },
        "timestamp": undefined,
        "traits": Object {},
        "type": "identify",
        "userId": "user12",
      },
    ],
  },
  "output": "Action Executed",
}
`;

exports[`Testing snapshot for actions-segment-profiles destination: sendSubscription action - required fields 1`] = `
Object {
  "data": Object {
    "batch": Array [
      Object {
        "anonymousId": undefined,
        "context": Object {
          "externalIds": Array [
            Object {
              "collection": "users",
              "encoding": "none",
              "id": "tester11@seg.com",
              "type": "email",
            },
            Object {
              "collection": "users",
              "encoding": "none",
              "id": "+12135618345",
              "type": "phone",
            },
          ],
          "messaging_subscriptions": Array [
            Object {
              "key": "tester11@seg.com",
              "status": "SUBSCRIBED",
              "type": "EMAIL",
            },
            Object {
              "key": "+12135618345",
              "status": "SUBSCRIBED",
              "type": "SMS",
            },
          ],
          "messaging_subscriptions_retl": true,
        },
        "integrations": Object {
          "All": false,
        },
        "timestamp": undefined,
        "traits": Object {},
        "type": "identify",
        "userId": "user12",
      },
    ],
  },
  "output": "Action Executed",
}
`;
