// Jest Snapshot v1, https://goo.gl/fbAQLP

exports[`Testing snapshot for Iqm's postEvent destination action: all fields 1`] = `
Object {
  "data": Object {
    "testType": "[7TV!",
  },
}
`;

exports[`Testing snapshot for Iqm's postEvent destination action: required fields 1`] = `Object {}`;
