// Jest Snapshot v1, https://goo.gl/fbAQLP

exports[`Testing snapshot for actions-talon-one's updateCustomerProfile destination action: all fields 1`] = `
Object {
  "attributes": Object {
    "testType": "GSv&J8",
  },
  "attributesInfo": Array [
    Object {
      "name": "GSv&J8",
      "type": "GSv&J8",
    },
  ],
  "audiencesChanges": Object {
    "adds": Array [
      -7356410144751616,
    ],
    "deletes": Array [
      -7356410144751616,
    ],
  },
  "runRuleEngine": true,
}
`;

exports[`Testing snapshot for actions-talon-one's updateCustomerProfile destination action: required fields 1`] = `
Object {
  "audiencesChanges": Object {},
}
`;
