// Jest Snapshot v1, https://goo.gl/fbAQLP

exports[`Testing snapshot for actions-talon-one's trackEvent destination action: all fields 1`] = `
Object {
  "customerProfileId": "fU[[CRDXd2",
  "eventAttributes": Object {
    "testType": "fU[[CRDXd2",
  },
  "eventType": "fU[[CRDXd2",
  "type": "fU[[CRDXd2",
}
`;

exports[`Testing snapshot for actions-talon-one's trackEvent destination action: required fields 1`] = `
Object {
  "customerProfileId": "fU[[CRDXd2",
  "eventType": "fU[[CRDXd2",
  "type": "fU[[CRDXd2",
}
`;
