// Jest Snapshot v1, https://goo.gl/fbAQLP

exports[`Testing snapshot for Topsort's click destination action: all fields 1`] = `
Object {
  "clicks": Array [
    Object {
      "id": "YPhGI%A",
      "occurredAt": "2021-02-01T00:00:00.000Z",
      "opaqueUserId": "YPhGI%A",
      "resolvedBidId": "YPhGI%A",
    },
  ],
}
`;

exports[`Testing snapshot for Topsort's click destination action: required fields 1`] = `
Object {
  "clicks": Array [
    Object {
      "id": "YPhGI%A",
      "occurredAt": "2021-02-01T00:00:00.000Z",
      "opaqueUserId": "YPhGI%A",
      "resolvedBidId": "YPhGI%A",
    },
  ],
}
`;
