// Jest Snapshot v1, https://goo.gl/fbAQLP

exports[`Testing snapshot for AccoilAnalytics's group destination action: all fields 1`] = `
Object {
  "anonymousId": "x5]MKB8gueWVltH2",
  "groupId": "x5]MKB8gueWVltH2",
  "timestamp": Any<String>,
  "traits": Object {
    "createdAt": Any<String>,
    "mrr": 35776399021178.88,
    "name": "x5]MKB8gueWVltH2",
    "plan": "x5]MKB8gueWVltH2",
    "status": "x5]MKB8gueWVltH2",
    "testType": "x5]MKB8gueWVltH2",
  },
  "type": "group",
  "userId": "x5]MKB8gueWVltH2",
}
`;

exports[`Testing snapshot for AccoilAnalytics's group destination action: required fields 1`] = `
Object {
  "groupId": "x5]MKB8gueWVltH2",
  "timestamp": Any<String>,
  "traits": Object {},
  "type": "group",
}
`;
