// Jest Snapshot v1, https://goo.gl/fbAQLP

exports[`Testing snapshot for Nudge's identifyUser destination action: all fields 1`] = `
Object {
  "email": "ukwalek@ewmogro.sl",
  "ext_id": "olu!sgnptmy",
  "name": "oLU!sgnPTMy",
  "phone": "oLU!sgnPTMy",
  "props": Object {
    "testType": "oLU!sgnPTMy",
  },
  "tz": "oLU!sgnPTMy",
}
`;

exports[`Testing snapshot for Nudge's identifyUser destination action: required fields 1`] = `
Object {
  "ext_id": "olu!sgnptmy",
  "props": Object {},
}
`;
