// Jest Snapshot v1, https://goo.gl/fbAQLP

exports[`Testing snapshot for ActionsMoengage's trackEvent destination action: all fields 1`] = `
Object {
  "anonymous_id": "[3(wtAyZqr",
  "context": Object {
    "app": Object {
      "version": "[3(wtAyZqr",
    },
    "library": Object {
      "version": "[3(wtAyZqr",
    },
    "os": Object {
      "name": "[3(wtAyZqr",
    },
  },
  "event": "[3(wtAyZqr",
  "properties": Object {
    "testType": "[3(wtAyZqr",
  },
  "timestamp": "2021-02-01T00:00:00.000Z",
  "type": "[3(wtAyZqr",
  "update_existing_only": true,
  "user_id": "[3(wtAyZqr",
}
`;

exports[`Testing snapshot for ActionsMoengage's trackEvent destination action: required fields 1`] = `
Object {
  "context": Object {
    "app": Object {},
    "library": Object {},
    "os": Object {},
  },
  "event": "[3(wtAyZqr",
  "type": "[3(wtAyZqr",
  "update_existing_only": false,
}
`;
