// Jest Snapshot v1, https://goo.gl/fbAQLP

exports[`Testing snapshot for actions-movable-ink's sendEntireEvent destination action: all fields 1`] = `
Object {
  "testType": "LmFmzlF7F",
}
`;

exports[`Testing snapshot for actions-movable-ink's sendEntireEvent destination action: required fields 1`] = `""`;

exports[`Testing snapshot for actions-movable-ink's sendEntireEvent destination action: required fields 2`] = `
Headers {
  Symbol(map): Object {
    "authorization": Array [
      "Basic dGVzdDp0ZXN0",
    ],
    "user-agent": Array [
      "Segment (Actions)",
    ],
  },
}
`;
