// Jest Snapshot v1, https://goo.gl/fbAQLP

exports[`Testing snapshot for BlackbaudRaisersEdgeNxt's createConstituentAction destination action: all fields 1`] = `
Object {
  "birthdate": Object {
    "d": "1",
    "m": "2",
    "y": "2021",
  },
  "birthplace": "bUa9Yg9hQ",
  "ethnicity": "bUa9Yg9hQ",
  "first": "bUa9Yg9hQ",
  "former_name": "bUa9Yg9hQ",
  "gender": "bUa9Yg9hQ",
  "gives_anonymously": true,
  "income": "bUa9Yg9hQ",
  "industry": "bUa9Yg9hQ",
  "last": "bUa9Yg9hQ",
  "lookup_id": "bUa9Yg9hQ",
  "marital_status": "bUa9Yg9hQ",
  "preferred_name": "bUa9Yg9hQ",
  "religion": "bUa9Yg9hQ",
  "suffix": "bUa9Yg9hQ",
  "suffix_2": "bUa9Yg9hQ",
  "title": "bUa9Yg9hQ",
  "title_2": "bUa9Yg9hQ",
}
`;

exports[`Testing snapshot for BlackbaudRaisersEdgeNxt's createConstituentAction destination action: required fields 1`] = `
Object {
  "lookup_id": "bUa9Yg9hQ",
}
`;
